// Jest Snapshot v1, https://goo.gl/fbAQLP

exports[`App should be rendered Snapshot test 1`] = `
<div
  style={
    Object {
      "display": "flex",
      "flexDirection": "column",
      "height": "600px",
      "width": "100%",
    }
  }
>
  <div
    style={
      Object {
        "display": "flex",
        "flexGrow": 1,
        "height": "100%",
        "justifyContent": "space-around",
      }
    }
  >
    <div
      className="css-1xemh4n"
      style={
        Object {
          "boxSizing": "border-box",
          "height": "100%",
          "margin": "10px",
          "maxWidth": "800px",
          "padding": "8px",
          "width": "calc(50% - 10px)",
        }
      }
    >
      <textarea
        className="css-ejnw7b"
        onChange={[Function]}
        value=""
      />
    </div>
    <div
      className="css-1xemh4n"
      style={
        Object {
          "boxSizing": "border-box",
          "height": "100%",
          "margin": "10px",
          "maxWidth": "800px",
          "padding": "8px",
          "width": "calc(50% - 10px)",
        }
      }
    >
      <div
        className="css-1dskxwt"
        dangerouslySetInnerHTML={
          Object {
            "__html": "",
          }
        }
        style={undefined}
      />
    </div>
  </div>
</div>
`;
