// Jest Snapshot v1, https://goo.gl/fbAQLP

exports[`MarkdownText shall render text Snapshot test 1`] = `
.glamor-0,
[data-glamor-0] {
  color: rgba(30, 30, 30, 1);
  font-family: Lato, sans-serif;
}

<div
  className="glamor-0"
  dangerouslySetInnerHTML={
    Object {
      "__html": "<h1 id=\\"headline\\">headline</h1>
    <p>text</p>
    ",
    }
  }
/>
`;
