// Jest Snapshot v1, https://goo.gl/fbAQLP

exports[`TextArea shall render text Snapshot test 1`] = `
.glamor-0,
[data-glamor-0] {
  max-height: 100%;
  height: 100%;
  width: 100%;
  font-family: Inconsolata, monospace;
  overflow: auto;
  line-height: 20px;
  display: block;
  border: 0;
  padding: 10px 5px;
  background: white no-repeat;
  box-sizing: border-box;
  background-image: -webkit-linear-gradient(to bottom, #1abc9c, #1abc9c), linear-gradient(to bottom, silver, silver);
  background-image: -moz-linear-gradient(to bottom, #1abc9c, #1abc9c), linear-gradient(to bottom, silver, silver);
  background-image: linear-gradient(to bottom, #1abc9c, #1abc9c), linear-gradient(to bottom, silver, silver);
  background-size: 0 2px, 100% 1px;
  background-position: 50% 100%, 50% 100%;
  transition: background-size 0.3s cubic-bezier(0.64, 0.09, 0.08, 1);
  -webkit-transition: background-size 0.3s cubic-bezier(0.64, 0.09, 0.08, 1);
  -moz-transition: background-size 0.3s cubic-bezier(0.64, 0.09, 0.08, 1);
}

.glamor-0:focus,
[data-glamor-0]:focus {
  background-size: 100% 2px, 100% 1px;
  outline: none;
}

<textarea
  className="glamor-0"
  onChange={[Function]}
  value="# headline
text"
/>
`;
